// Jest Snapshot v1, https://goo.gl/fbAQLP

exports[`AddCategory testing should render correctly 1`] = `
<form
  onSubmit={[Function]}
>
  <input
    onChange={[Function]}
    placeholder="Search..."
    type="text"
    value=""
  />
</form>
`;
